# genome	ORI	TER	plugins/BPTR/example///input.sam
plugins/BPTR/example/FASTA//NZ_CP103223_Parabacteroides.fna	0	0	n/a
plugins/BPTR/example/FASTA//NZ_ABHE02000055_Clostridioides.fna	0	0	n/a
